73 146 36 73 146 36 1 
73 146 36 147 36 73 146 36 73 2 
0 0 0 1 0 0 0 0 0 0 1 0 0 0 0 0 
OK
