zero              = 0               (0         )
one               = 1               (0x3f800000)
two               = 2               (0x40000000)
negativeZero      = -0              (0x80000000)
nan               = nan             (0xffc00000)
nan1              = nan             (0xffc00000)
nan2              = nan             (0xffc00000)
nan3              = nan             (0xffc00000)
nan4              = nan             (0xffc00000)
nan5              = nan             (0xffc00001)
nearestTwo        = 1.99999988      (0x3fffffff)
nearTwo           = 1.99999952      (0x3ffffffc)
notNearTwo        = 1.99999809      (0x3ffffff0)
smallestDenormal  = 1.40129846e-45  (0x1       )
zero              = 0                       (0                 )
one               = 1                       (0x3ff0000000000000)
two               = 2                       (0x4000000000000000)
negativeZero      = -0                      (0x8000000000000000)
nan               = nan                     (0xfff8000000000000)
nan1              = nan                     (0xfff8000000000000)
nan2              = nan                     (0xfff8000000000000)
nan3              = nan                     (0xfff8000000000000)
nan4              = nan                     (0xfff8000000000000)
nan5              = nan                     (0xfff8000000000001)
nearestTwo        = 1.9999999999999998      (0x3fffffffffffffff)
nearTwo           = 1.9999999999999982      (0x3ffffffffffffff8)
notNearTwo        = 1.9999999999999858      (0x3fffffffffffffc0)
smallestDenormal  = 4.9406564584124654e-324 (0x1               )
