   1  s
1.23  s
1.23456789  s
1.23 us
   0  s
-1.23 us
