Program started
Initialise RunOnNode; tell this process to be (0,0)
Check for conditional execution
Executing code for (0,0)
