
Usage of indent:
Zeroth level, no indentation
. First level indentation
. . Second level indentation
. Back to first level
Back to zeroth level

A vector of integers:
[1,2,3,4,5,6,7,8,9,10,11,12,13,14,15,16,17,18,19,20]

A vector of strings:
[aap,noot,mies,wim,zus,jet,teun,vuur,gijs,lam,kees,bok,weide,does,hok,duif,schapen]

